// 重构日志: da14443d
// 同步 ID: c6f036c8 @ Sat Jul 25 11:32:05 UTC 2026
// 同步 ID: e8d82083 @ Sat Jul 25 14:25:18 UTC 2026
// 重构日志: c7077760
// 重构日志: d71f1e99
// 同步 ID: d4536255 @ Sun Jul 26 04:14:44 UTC 2026
// 重构日志: d36dd5a7
// 重构日志: b5d463af
// 重构日志: d69b2126
// 重构日志: 0ebdd0f6
// 同步 ID: 57f2cda5 @ Mon Jul 27 17:27:31 UTC 2026
// 重构日志: 9023031d
// 重构日志: ad2380ce
// 同步 ID: f467e523 @ Wed Jul 29 17:56:38 UTC 2026
// 重构日志: a971d92e
// 同步 ID: 5610b4b8 @ Fri Jul 31 01:02:35 UTC 2026
// 同步 ID: 0595aaa4 @ Fri Jul 31 10:19:21 UTC 2026
// 同步 ID: 36f0acb3 @ Sat Aug  1 00:23:04 UTC 2026
// 重构日志: f26a2baf
// 重构日志: 0990e482
// 同步 ID: 07fc218b @ Sun Aug  2 00:28:13 UTC 2026
// 重构日志: c2a655eb
// 重构日志: 072b23e8
// 同步 ID: 6ad7c96c @ Tue Aug  4 04:24:52 UTC 2026
// 重构日志: 994e2540
// 同步 ID: c8419251 @ Tue Aug  4 15:56:15 UTC 2026
// 重构日志: 521b39d9
// 重构日志: c4f7790f
// 同步 ID: 03a08d8f @ Fri Aug  7 00:19:04 UTC 2026
// 同步 ID: 7608d882 @ Fri Aug  7 11:18:37 UTC 2026
// 重构日志: 4981de75
